
  168 Total time for which application threads were stopped: 0.0001560 seconds
  169 Application time: 0.7924280 seconds
  170 
  
  {Heap before GC invocations=1 (full 1):
  171  par new generation   total 235968K, used 209792K [0x0000000720000000, 0x0000000730000000, 0x0000000730000000)
  172   eden space 209792K, 100% used [0x0000000720000000, 0x000000072cce0000, 0x000000072cce0000)
  173   from space 26176K,   0% used [0x000000072cce0000, 0x000000072cce0000, 0x000000072e670000)
  174   to   space 26176K,   0% used [0x000000072e670000, 0x000000072e670000, 0x0000000730000000)
  175  concurrent mark-sweep generation total 786432K, used 10887K [0x0000000730000000, 0x0000000760000000, 0x00000007e0000000)
  176  concurrent-mark-sweep perm gen total 36396K, used 29728K [0x00000007e0000000, 0x00000007e238b000, 0x0000000800000000)
  
  177 2013-04-18T17:05:08.998-0400: 17.438: [GC 17.438: [ParNew
  178 Desired survivor size 13402112 bytes, new threshold 4 (max 4)
  179 - age   1:    4191016 bytes,    4191016 total
  180 : 209792K->4165K(235968K), 0.0248120 secs] 220679K->15053K(1022400K), 0.0249900 secs] [Times: user=0.12 sys=0.01, real=0.02 secs]
  
  181 Heap after GC invocations=2 (full 1):
  182  par new generation   total 235968K, used 4165K [0x0000000720000000, 0x0000000730000000, 0x0000000730000000)
  183   eden space 209792K,   0% used [0x0000000720000000, 0x0000000720000000, 0x000000072cce0000)
  184   from space 26176K,  15% used [0x000000072e670000, 0x000000072ea817e8, 0x0000000730000000)
  185   to   space 26176K,   0% used [0x000000072cce0000, 0x000000072cce0000, 0x000000072e670000)
  186  concurrent mark-sweep generation total 786432K, used 10887K [0x0000000730000000, 0x0000000760000000, 0x00000007e0000000)
  187  concurrent-mark-sweep perm gen total 36396K, used 29728K [0x00000007e0000000, 0x00000007e238b000, 0x0000000800000000)
  188 }
  
  
  189 Total time for which application threads were stopped: 0.0261210 seconds
